// Jest Snapshot v1, https://goo.gl/fbAQLP

exports[`TickerRow component should create list with tickers 1`] = `
Object {
  "asFragment": [Function],
  "baseElement": <body>
    <div>
      <tr
        class="selected"
      >
        <td>
          <div
            class="ticker"
          >
            AAPL
          </div>
        </td>
        <td>
          <div>
            NASDAQ
          </div>
        </td>
        <td>
          <div
            class="negative"
          >
            <span
              class="arrowDown"
            >
              ▼
            </span>
            105.89
          </div>
        </td>
        <td>
          <div>
            178.23
          </div>
        </td>
        <td>
          <div>
            0.21
          </div>
        </td>
        <td>
          <div>
            1.64
          </div>
        </td>
        <td>
          <div>
            1.56
          </div>
        </td>
      </tr>
    </div>
  </body>,
  "container": <div>
    <tr
      class="selected"
    >
      <td>
        <div
          class="ticker"
        >
          AAPL
        </div>
      </td>
      <td>
        <div>
          NASDAQ
        </div>
      </td>
      <td>
        <div
          class="negative"
        >
          <span
            class="arrowDown"
          >
            ▼
          </span>
          105.89
        </div>
      </td>
      <td>
        <div>
          178.23
        </div>
      </td>
      <td>
        <div>
          0.21
        </div>
      </td>
      <td>
        <div>
          1.64
        </div>
      </td>
      <td>
        <div>
          1.56
        </div>
      </td>
    </tr>
  </div>,
  "debug": [Function],
  "findAllByAltText": [Function],
  "findAllByDisplayValue": [Function],
  "findAllByLabelText": [Function],
  "findAllByPlaceholderText": [Function],
  "findAllByRole": [Function],
  "findAllByTestId": [Function],
  "findAllByText": [Function],
  "findAllByTitle": [Function],
  "findByAltText": [Function],
  "findByDisplayValue": [Function],
  "findByLabelText": [Function],
  "findByPlaceholderText": [Function],
  "findByRole": [Function],
  "findByTestId": [Function],
  "findByText": [Function],
  "findByTitle": [Function],
  "getAllByAltText": [Function],
  "getAllByDisplayValue": [Function],
  "getAllByLabelText": [Function],
  "getAllByPlaceholderText": [Function],
  "getAllByRole": [Function],
  "getAllByTestId": [Function],
  "getAllByText": [Function],
  "getAllByTitle": [Function],
  "getByAltText": [Function],
  "getByDisplayValue": [Function],
  "getByLabelText": [Function],
  "getByPlaceholderText": [Function],
  "getByRole": [Function],
  "getByTestId": [Function],
  "getByText": [Function],
  "getByTitle": [Function],
  "queryAllByAltText": [Function],
  "queryAllByDisplayValue": [Function],
  "queryAllByLabelText": [Function],
  "queryAllByPlaceholderText": [Function],
  "queryAllByRole": [Function],
  "queryAllByTestId": [Function],
  "queryAllByText": [Function],
  "queryAllByTitle": [Function],
  "queryByAltText": [Function],
  "queryByDisplayValue": [Function],
  "queryByLabelText": [Function],
  "queryByPlaceholderText": [Function],
  "queryByRole": [Function],
  "queryByTestId": [Function],
  "queryByText": [Function],
  "queryByTitle": [Function],
  "rerender": [Function],
  "unmount": [Function],
}
`;
